[2026-07-08 19:52:01] start

> jtelkasten-vite@0.1.0 copy
> node scripts/copy-notes.js '/Users/jay/Library/Mobile Documents/iCloud~md~obsidian/Documents/iColudVault'


> jtelkasten-vite@0.1.0 build
> npm run build:content && vite build


> jtelkasten-vite@0.1.0 build:content
> node scripts/build-content.js

vite v5.4.21 building for production...
transforming...
✓ 446 modules transformed.
rendering chunks...
computing gzip size...
dist/index.html                     0.75 kB │ gzip:   0.45 kB
dist/assets/index-CrOUA42g.css      3.03 kB │ gzip:   1.15 kB
dist/assets/index-CyMIUfxA.js   1,649.46 kB │ gzip: 457.87 kB

(!) Some chunks are larger than 500 kB after minification. Consider:
- Using dynamic import() to code-split the application
- Use build.rollupOptions.output.manualChunks to improve chunking: https://rollupjs.org/configuration-options/#output-manualchunks
- Adjust chunk size limit for this warning via build.chunkSizeWarningLimit.
✓ built in 1.94s
